---
source: src/get_author_data.rs
expression: author_data
---
[
    (
        "Alice Smith",
        Author {
            name: "Alice Smith",
            email: "alice-smith@example.com",
        },
    ),
    (
        "Bob Smith",
        Author {
            name: "Bob Smith",
            email: "bob-smith@example.com",
        },
    ),
    (
        "Scarlett Johansson",
        Author {
            name: "Scarlett Johansson",
            email: "scarlett-johansson@example.com",
        },
    ),
]
